// Jest Snapshot v1, https://goo.gl/fbAQLP

exports[`NestedAccordion component Matches the snapshot 1`] = `
<div
  className="ssb-nested-accordion"
>
  <button
    aria-expanded="false"
    className="nested-accordion-header closed"
    onClick={[Function]}
  >
    <span
      className="button-grid"
    >
      <ChevronDown
        className="expand-icon"
        size={16}
      />
      <span
        className="header-text"
      >
        A nested accordion header
      </span>
    </span>
  </button>
  <div
    className="nested-accordion-body closed"
  >
    Nestet accordion
  </div>
</div>
`;
