// Jest Snapshot v1, https://goo.gl/fbAQLP

exports[`NestedAccordion component Matches the snapshot 1`] = `
<div
  className="ssb-nested-accordion mt-3"
>
  <button
    className="nested-accordion-header closed"
    onClick={[Function]}
  >
    <span
      className="button-grid"
    >
      <i
        className="expand-icon feather-chevron-down"
      />
      <span
        className="header-text"
      >
        A nested accordion header
      </span>
    </span>
  </button>
  <div
    className="nested-accordion-body closed"
  />
</div>
`;
