// Jest Snapshot v1, https://goo.gl/fbAQLP

exports[`Glossary Matches the snapshot 1`] = `
<button
  className="ssb-glossary"
  onClick={[Function]}
>
  <div
    className="glossary-text-wrap"
  >
    Glossary
  </div>
  <BookOpen
    className="glossary-logo"
    size={12}
  />
  <div
    className="glossary-popup"
  >
    <div
      className="content-box"
    >
      <span
        className="info-text"
      >
        placeholderText
      </span>
      <div
        className="ssb-glossary-closing"
      >
        <XCircle
          className="icon"
          size={16}
        />
        <span>
          Lukk
        </span>
      </div>
    </div>
  </div>
</button>
`;
