// Jest Snapshot v1, https://goo.gl/fbAQLP

exports[`Glossary Matches the snapshot 1`] = `
<span
  className="ssb-glossary"
>
  <button
    aria-expanded="false"
    aria-label="Glossary"
    className="glossary-button"
    onClick={[Function]}
  >
    <span
      className="glossary-text-wrap"
    >
      Glossary
    </span>
    <BookOpen
      aria-hidden="true"
      className="glossary-logo"
      size={12}
    />
  </button>
  <span
    className="glossary-popup"
  >
    <span
      className="content-box"
    >
      <span
        className="info-text"
      >
        placeholderText
      </span>
      <span
        className="glossary-closing"
      >
        <button
          onClick={[Function]}
          onKeyDown={[Function]}
        >
          <XCircle
            aria-hidden="true"
            className="icon"
            size={16}
          />
          <span>
            Lukk
          </span>
        </button>
      </span>
    </span>
  </span>
</span>
`;
