// Jest Snapshot v1, https://goo.gl/fbAQLP

exports[`Glossary Matches the snapshot 1`] = `
<button
  aria-expanded="false"
  aria-label="Glossary"
  className="ssb-glossary"
  onClick={[Function]}
>
  <div
    className="glossary-text-wrap"
  >
    Glossary
  </div>
  <BookOpen
    aria-hidden="true"
    className="glossary-logo"
    size={12}
  />
  <div
    className="glossary-popup"
  >
    <div
      className="content-box"
    >
      <span
        className="info-text"
      >
        placeholderText
      </span>
      <div
        className="ssb-glossary-closing"
      >
        <button
          onClick={[Function]}
        >
          <XCircle
            aria-hidden="true"
            className="icon"
            size={16}
          />
          <span>
            Lukk
          </span>
        </button>
      </div>
    </div>
  </div>
</button>
`;
