// Jest Snapshot v1, https://goo.gl/fbAQLP

exports[`Dialog component Matches the snapshot 1`] = `
<div
  className="ssb-dialog info"
>
  <div
    className="icon-panel"
  >
    <Info
      className="icon"
      color="currentColor"
      size={45}
    />
  </div>
  <div
    className="dialog-content"
  >
    <span
      className="dialog-title"
    >
      Dialog Title
    </span>
    <div
      className="content"
    >
      Dialog
    </div>
  </div>
</div>
`;
