// Jest Snapshot v1, https://goo.gl/fbAQLP

exports[`Dropdown component Matches the snapshot 1`] = `
<div
  className="ssb-dropdown"
>
  <label
    htmlFor={1}
  >
    Menu header
  </label>
  <div
    className="dropdown-interactive-area"
    onKeyPress={[Function]}
    role="button"
  >
    <button
      aria-expanded="false"
      aria-label="open or close dropdown"
      className="opener"
      id={1}
      onClick={[Function]}
      onKeyDown={[Function]}
      tabIndex={0}
      type="button"
    >
      -- Select --
    </button>
    <ChevronDown
      className="dd-icon"
      size={24}
    />
  </div>
</div>
`;
