// Jest Snapshot v1, https://goo.gl/fbAQLP

exports[`Dropdown component Matches the snapshot 1`] = `
<div
  className="ssb-dropdown"
  id="dropdown"
>
  <span
    id="dropdown-label"
  >
    Menu header
  </span>
  <div
    className="dropdown-interactive-area"
  >
    <button
      aria-expanded="false"
      aria-haspopup="listbox"
      aria-labelledby="dropdown-label button_dropdown"
      className="opener"
      id="button_dropdown"
      onClick={[Function]}
      onKeyDown={[Function]}
      tabIndex={0}
      type="button"
    >
      -- Select --
    </button>
    <ChevronDown
      className="dd-icon"
      size={24}
    />
    <ul
      aria-labelledby="dropdown-label"
      className="list-of-options hidden"
      id="list_of_options_dropdown"
      onKeyDown={[Function]}
      role="listbox"
      tabIndex={-1}
    >
      <li
        className="option-list-element"
        id="item1"
        key="item1"
        onClick={[Function]}
        role="option"
      >
        Apples
      </li>
      <li
        className="option-list-element"
        disabled={true}
        id="item2"
        key="item2"
        onClick={[Function]}
        role="option"
      >
        Rainbows
      </li>
      <li
        className="option-list-element"
        id="item3"
        key="item3"
        onClick={[Function]}
        role="option"
      >
        Ocean
      </li>
    </ul>
  </div>
</div>
`;
