// Jest Snapshot v1, https://goo.gl/fbAQLP

exports[`Card component Matches the snapshot 1`] = `
<div
  className="ssb-card"
>
  <div
    className="clickable top-orientation"
    onClick={[Function]}
    role="link"
    tabIndex={0}
  >
    <div
      className="card-content"
    >
      <div
        className="card-text"
        id="1-text"
      >
        ProfileBox
      </div>
      <ArrowRight
        aria-hidden="true"
        className="arrow-icon"
        size={22}
      />
    </div>
  </div>
</div>
`;
