// Jest Snapshot v1, https://goo.gl/fbAQLP

exports[`CategoryLink component Matches the snapshot 1`] = `
<DocumentFragment>
  <a
    class="ssb-category-link"
    href=""
  >
    <div
      class="div-wrapper"
    >
      <div
        class="text-divs title-wrapper"
      >
        <span
          class="link-title-text"
        >
          Category link with description
        </span>
      </div>
      <div
        class="text-divs sub-wrapper"
      >
        <span
          class="link-sub-text"
        >
          Description goes here
        </span>
      </div>
      <div
        class="icon-wrapper"
      >
        <svg
          class="arrow-icon"
          fill="none"
          height="24"
          stroke="currentColor"
          stroke-linecap="round"
          stroke-linejoin="round"
          stroke-width="2"
          viewBox="0 0 24 24"
          width="24"
          xmlns="http://www.w3.org/2000/svg"
        >
          <line
            x1="5"
            x2="19"
            y1="12"
            y2="12"
          />
          <polyline
            points="12 5 19 12 12 19"
          />
        </svg>
      </div>
    </div>
  </a>
</DocumentFragment>
`;
