// Jest Snapshot v1, https://goo.gl/fbAQLP

exports[`Input component Matches the snapshot 1`] = `
<DocumentFragment>
  <div
    class="ssb-text-area"
  >
    <div
      class="text-area-wrapper"
    >
      <textarea
        cols="10"
        id="1"
        rows="5"
      />
    </div>
  </div>
</DocumentFragment>
`;
