// Jest Snapshot v1, https://jestjs.io/docs/snapshot-testing

exports[`Number component Matches the snapshot 1`] = `
<DocumentFragment>
  <div
    class="ssb-number small"
  >
    599 246 391
  </div>
</DocumentFragment>
`;

exports[`Number component Toggles classNames correctly 1`] = `
<DocumentFragment>
  <div
    class="ssb-number small"
  >
    599 246 391
  </div>
</DocumentFragment>
`;
