// Jest Snapshot v1, https://goo.gl/fbAQLP

exports[`Breadcrumb component Matches the snapshot 1`] = `
<DocumentFragment>
  <div
    class="ssb-breadcrumbs"
  >
    <div>
      <a
        class="ssb-link"
        href=" "
      >
        <span
          class="link-text"
        >
          breadcrumb 1
        </span>
      </a>
       / 
    </div>
    <div>
      <a
        class="ssb-link"
        href=" "
      >
        <span
          class="link-text"
        >
          breadcrumb 2
        </span>
      </a>
       / 
    </div>
    <span>
      breadcrumb 3
    </span>
  </div>
</DocumentFragment>
`;
