// Jest Snapshot v1, https://goo.gl/fbAQLP

exports[`KeyFigures component Matches the snapshot 1`] = `
<div
  className="ssb-key-figures large"
>
  <div
    className="kf-icon large"
  >
    <Home
      className="feather-home"
      color="currentColor"
      size="24"
    />
  </div>
  <div>
    <Glossary
      closeText="Lukk"
      explanation="Explain something"
    >
      <span
        className="kf-title"
      >
        Antall husholdninger
      </span>
    </Glossary>
    <div
      className="kf-time"
    >
      2018
    </div>
    <div
      className="number-section"
    >
      <Number
        size="large"
      >
        789 398
      </Number>
      <span
        className="kf-title subtitle"
      >
        husholdninger
      </span>
    </div>
  </div>
</div>
`;
