// Jest Snapshot v1, https://goo.gl/fbAQLP

exports[`KeyFigures component Matches the snapshot 1`] = `
<div
  className="ssb-key-figures"
>
  <div
    className="kf-icon large"
  >
    <Home
      className="feather-home"
      color="currentColor"
      size="24"
    />
  </div>
  <div>
    <WordExplanation
      explanation="Explain something"
    >
      <span
        className="kf-title"
      >
        Antall husholdninger
      </span>
    </WordExplanation>
    <div
      className="kf-time"
    >
      2018
    </div>
    <Number
      number="789 398"
      size="large"
    />
    <span
      className="kf-title subtitle"
    >
      husholdninger
    </span>
  </div>
</div>
`;
