// Jest Snapshot v1, https://goo.gl/fbAQLP

exports[`Tabs component Matches the snapshot 1`] = `
<DocumentFragment>
  <div
    class="ssb-tabs"
    role="tablist"
  >
    <button
      aria-controls="tabpanel-0-"
      aria-selected="false"
      class="navigation-item "
      role="tab"
    >
      <span>
        Get Started
      </span>
    </button>
    <button
      aria-controls="tabpanel-1-"
      aria-selected="false"
      class="navigation-item "
      role="tab"
    >
      <span>
        Components
      </span>
    </button>
    <button
      aria-controls="tabpanel-2-"
      aria-selected="false"
      class="navigation-item "
      role="tab"
    >
      <span>
        Templates
      </span>
    </button>
  </div>
</DocumentFragment>
`;
