// Jest Snapshot v1, https://goo.gl/fbAQLP

exports[`Accordion component Matches the snapshot 1`] = `
<div
  className="ssb-accordion"
>
  <button
    aria-expanded="false"
    className="accordion-header closed"
    onClick={[Function]}
    tabIndex={0}
  >
    <span
      className="button-grid"
    >
      <span
        className="header-text"
      >
        This is a accordion title
      </span>
      <ChevronDown
        className="expand-icon"
        size={20}
      />
    </span>
  </button>
  <div
    className="accordion-body closed"
  >
    Accordion
  </div>
</div>
`;
