// Jest Snapshot v1, https://goo.gl/fbAQLP

exports[`Accordion component Matches the snapshot 1`] = `
<div
  className="ssb-accordion undefined"
>
  <button
    className="accordion-header closed"
    onClick={[Function]}
    tabIndex={0}
  >
    <span
      className="button-grid"
    >
      <Title
        className="header-text no-margin"
        negative={false}
        size={5}
      >
        This is a accordion title
      </Title>
      <ChevronDown
        className="expand-icon"
        color="currentColor"
        size={20}
      />
    </span>
  </button>
  <div
    className="accordion-body closed"
  />
</div>
`;
