// Jest Snapshot v1, https://jestjs.io/docs/snapshot-testing

exports[`FactBox component Matches the snapshot 1`] = `
<DocumentFragment>
  <div
    class="ssb-fact-box"
  >
    <div
      class="ssb-accordion without-borders"
    >
      <button
        aria-expanded="false"
        class="accordion-header closed"
        tabindex="0"
      >
        <span
          class="button-grid"
        >
          <span
            class="header-text"
          >
            fact box header
          </span>
          <svg
            class="expand-icon"
            fill="none"
            height="20"
            stroke="currentColor"
            stroke-linecap="round"
            stroke-linejoin="round"
            stroke-width="2"
            viewBox="0 0 24 24"
            width="20"
            xmlns="http://www.w3.org/2000/svg"
          >
            <polyline
              points="6 9 12 15 18 9"
            />
          </svg>
        </span>
      </button>
      <div
        class="accordion-body closed"
      >
        fact box Text
      </div>
    </div>
  </div>
</DocumentFragment>
`;
