// Jest Snapshot v1, https://goo.gl/fbAQLP

exports[`CheckboxGroup component Matches the snapshot 1`] = `
<DocumentFragment>
  <div
    class="ssb-checkbox-group"
  >
    <div
      class="checkbox-group-header"
    >
      Header
    </div>
    <div
      class="boxes flex-column"
    >
      <div
        class="ssb-checkbox"
      >
        <input
          id="item1"
          tabindex="0"
          type="checkbox"
          value="item1"
        />
        <label
          class="checkbox-label"
          for="item1"
        >
          Item 1
        </label>
      </div>
      <div
        class="ssb-checkbox"
      >
        <input
          id="item2"
          tabindex="0"
          type="checkbox"
          value="item2"
        />
        <label
          class="checkbox-label"
          for="item2"
        >
          Item 2
        </label>
      </div>
      <div
        class="ssb-checkbox"
      >
        <input
          disabled=""
          id="item3"
          tabindex="0"
          type="checkbox"
          value="item3"
        />
        <label
          class="checkbox-label"
          for="item3"
        >
          Item 3
        </label>
      </div>
    </div>
  </div>
</DocumentFragment>
`;
