// Jest Snapshot v1, https://goo.gl/fbAQLP

exports[`Pagination component Matches snapshot 1`] = `
<nav
  className="ssb-pagination"
>
  <button
    className="direction-button previous"
    disabled={true}
    onClick={[Function]}
  >
     
    <ChevronLeft
      className="chevron-icon"
      color="currentColor"
      size={16}
    />
    <span>
      Previous
    </span>
  </button>
  <button
    className="nav-button-square selected"
    onClick={[Function]}
  >
    1
  </button>
  <button
    className="nav-button-square undefined"
    key="undefined"
    onClick={[Function]}
  />
  <div
    className="dotted-indicator"
  >
    ...
  </div>
  <button
    className="nav-button-square"
    onClick={[Function]}
  >
    20
  </button>
  <button
    className="direction-button next"
    disabled={false}
    onClick={[Function]}
  >
     
    <span>
      Next
    </span>
    <ChevronRight
      className="chevron-icon"
      color="currentColor"
      size={16}
    />
  </button>
</nav>
`;
