// Jest Snapshot v1, https://goo.gl/fbAQLP

exports[`RadioGroup component Matches the snapshot 1`] = `
<div
  className="ssb-radio-group"
>
  <Title
    className="radio-group-header no-margin"
    negative={false}
    size={5}
  >
    Header
  </Title>
  <div
    className="boxes flex-column"
  >
    <RadioButton
      callback={[Function]}
      disabled={false}
      index={0}
      key="item1"
      name="Header"
      selected={false}
      tabIndex={0}
      value="item1"
    >
      Item 1
    </RadioButton>
    <RadioButton
      callback={[Function]}
      disabled={false}
      index={1}
      key="item2"
      name="Header"
      selected={false}
      tabIndex={0}
      value="item2"
    >
      Item 2
    </RadioButton>
    <RadioButton
      callback={[Function]}
      disabled={true}
      index={2}
      key="item3"
      name="Header"
      selected={false}
      tabIndex={0}
      value="item3"
    >
      Item 3
    </RadioButton>
  </div>
</div>
`;
