// Jest Snapshot v1, https://goo.gl/fbAQLP

exports[`Render Table component Matches the snapshot 1`] = `
<DocumentFragment>
  <div
    class="ssb-table-wrapper"
  >
    <table
      class="ssb-table"
    >
      <caption>
        <div
          class="caption-wrapper"
        >
          <div
            class="caption-text-wrapper"
          >
            Table caption
          </div>
        </div>
      </caption>
      <thead>
        <tr>
          <th
            class=""
          >
            Header 
            <sup>
              1
            </sup>
          </th>
          <th
            class=" align-right"
          >
            Header
          </th>
          <th
            class=""
          />
        </tr>
      </thead>
      <tbody>
        <tr>
          <td
            class=""
          >
            Example
          </td>
          <td
            class=" align-right"
          >
            1000
          </td>
          <td
            class=" align-center"
          >
            Center
          </td>
        </tr>
        <tr>
          <td
            class=""
          >
            Example
          </td>
          <td
            class=" align-right"
          >
            500
          </td>
          <td
            class=" align-center"
          >
            Center
          </td>
        </tr>
      </tbody>
      <tfoot>
        <tr>
          <td
            class=""
          >
            <sup>
              1
            </sup>
             Footnote description
          </td>
        </tr>
      </tfoot>
    </table>
  </div>
</DocumentFragment>
`;
